#! /usr/bin/vvp
:ivl_version "12.0 (stable)";
:ivl_delay_selection "TYPICAL";
:vpi_time_precision - 12;
:vpi_module "/usr/lib64/ivl/system.vpi";
:vpi_module "/usr/lib64/ivl/vhdl_sys.vpi";
:vpi_module "/usr/lib64/ivl/vhdl_textio.vpi";
:vpi_module "/usr/lib64/ivl/v2005_math.vpi";
:vpi_module "/usr/lib64/ivl/va_math.vpi";
S_0x5654abfd2690 .scope module, "tb_dual_port_ram" "tb_dual_port_ram" 2 3;
 .timescale -9 -12;
v0x5654abfed490_0 .var "addr_a", 9 0;
v0x5654abfed570_0 .var "addr_b", 9 0;
v0x5654abfed640_0 .var "clk", 0 0;
v0x5654abfed740_0 .var "din_a", 7 0;
v0x5654abfed810_0 .var "din_b", 7 0;
v0x5654abfed8b0_0 .net "dout_a", 7 0, v0x5654abfecef0_0;  1 drivers
v0x5654abfed980_0 .net "dout_b", 7 0, v0x5654abfecfd0_0;  1 drivers
v0x5654abfeda50_0 .var "rst", 0 0;
v0x5654abfedb20_0 .var "rw_a", 0 0;
v0x5654abfedbf0_0 .var "rw_b", 0 0;
S_0x5654abfd2820 .scope module, "uut" "dual_port_ram" 2 10, 3 3 0, S_0x5654abfd2690;
 .timescale -9 -12;
    .port_info 0 /INPUT 1 "clk";
    .port_info 1 /INPUT 1 "rst";
    .port_info 2 /INPUT 1 "rw_a";
    .port_info 3 /INPUT 1 "rw_b";
    .port_info 4 /INPUT 10 "addr_a";
    .port_info 5 /INPUT 10 "addr_b";
    .port_info 6 /INPUT 8 "din_a";
    .port_info 7 /INPUT 8 "din_b";
    .port_info 8 /OUTPUT 8 "dout_a";
    .port_info 9 /OUTPUT 8 "dout_b";
v0x5654abfbff10 .array "RAM", 1023 0, 7 0;
v0x5654abfbfff0_0 .net "addr_a", 9 0, v0x5654abfed490_0;  1 drivers
v0x5654abfecb60_0 .net "addr_b", 9 0, v0x5654abfed570_0;  1 drivers
v0x5654abfecc20_0 .net "clk", 0 0, v0x5654abfed640_0;  1 drivers
v0x5654abfecce0_0 .net "din_a", 7 0, v0x5654abfed740_0;  1 drivers
v0x5654abfece10_0 .net "din_b", 7 0, v0x5654abfed810_0;  1 drivers
v0x5654abfecef0_0 .var "dout_a", 7 0;
v0x5654abfecfd0_0 .var "dout_b", 7 0;
v0x5654abfed0b0_0 .net "rst", 0 0, v0x5654abfeda50_0;  1 drivers
v0x5654abfed170_0 .net "rw_a", 0 0, v0x5654abfedb20_0;  1 drivers
v0x5654abfed230_0 .net "rw_b", 0 0, v0x5654abfedbf0_0;  1 drivers
E_0x5654abfcbea0 .event posedge, v0x5654abfecc20_0;
    .scope S_0x5654abfd2820;
T_0 ;
    %wait E_0x5654abfcbea0;
    %load/vec4 v0x5654abfed0b0_0;
    %flag_set/vec4 8;
    %jmp/0xz  T_0.0, 8;
    %pushi/vec4 0, 0, 8;
    %assign/vec4 v0x5654abfecef0_0, 0;
    %pushi/vec4 0, 0, 8;
    %assign/vec4 v0x5654abfecfd0_0, 0;
    %jmp T_0.1;
T_0.0 ;
    %load/vec4 v0x5654abfed170_0;
    %load/vec4 v0x5654abfed230_0;
    %concat/vec4; draw_concat_vec4
    %dup/vec4;
    %pushi/vec4 0, 0, 2;
    %cmp/u;
    %jmp/1 T_0.2, 6;
    %dup/vec4;
    %pushi/vec4 1, 0, 2;
    %cmp/u;
    %jmp/1 T_0.3, 6;
    %dup/vec4;
    %pushi/vec4 2, 0, 2;
    %cmp/u;
    %jmp/1 T_0.4, 6;
    %dup/vec4;
    %pushi/vec4 3, 0, 2;
    %cmp/u;
    %jmp/1 T_0.5, 6;
    %jmp T_0.6;
T_0.2 ;
    %load/vec4 v0x5654abfbfff0_0;
    %pad/u 12;
    %ix/vec4 4;
    %load/vec4a v0x5654abfbff10, 4;
    %assign/vec4 v0x5654abfecef0_0, 0;
    %load/vec4 v0x5654abfecb60_0;
    %pad/u 12;
    %ix/vec4 4;
    %load/vec4a v0x5654abfbff10, 4;
    %assign/vec4 v0x5654abfecfd0_0, 0;
    %jmp T_0.6;
T_0.3 ;
    %load/vec4 v0x5654abfbfff0_0;
    %pad/u 12;
    %ix/vec4 4;
    %load/vec4a v0x5654abfbff10, 4;
    %assign/vec4 v0x5654abfecef0_0, 0;
    %load/vec4 v0x5654abfbfff0_0;
    %load/vec4 v0x5654abfecb60_0;
    %cmp/ne;
    %jmp/0xz  T_0.7, 4;
    %load/vec4 v0x5654abfece10_0;
    %load/vec4 v0x5654abfecb60_0;
    %pad/u 12;
    %ix/vec4 3;
    %ix/load 4, 0, 0; Constant delay
    %assign/vec4/a/d v0x5654abfbff10, 0, 4;
    %load/vec4 v0x5654abfecb60_0;
    %pad/u 12;
    %ix/vec4 4;
    %load/vec4a v0x5654abfbff10, 4;
    %assign/vec4 v0x5654abfecfd0_0, 0;
T_0.7 ;
    %jmp T_0.6;
T_0.4 ;
    %load/vec4 v0x5654abfecce0_0;
    %load/vec4 v0x5654abfbfff0_0;
    %pad/u 12;
    %ix/vec4 3;
    %ix/load 4, 0, 0; Constant delay
    %assign/vec4/a/d v0x5654abfbff10, 0, 4;
    %load/vec4 v0x5654abfecb60_0;
    %pad/u 12;
    %ix/vec4 4;
    %load/vec4a v0x5654abfbff10, 4;
    %assign/vec4 v0x5654abfecfd0_0, 0;
    %jmp T_0.6;
T_0.5 ;
    %load/vec4 v0x5654abfbfff0_0;
    %load/vec4 v0x5654abfecb60_0;
    %cmp/ne;
    %jmp/0xz  T_0.9, 4;
    %load/vec4 v0x5654abfecce0_0;
    %load/vec4 v0x5654abfbfff0_0;
    %pad/u 12;
    %ix/vec4 3;
    %ix/load 4, 0, 0; Constant delay
    %assign/vec4/a/d v0x5654abfbff10, 0, 4;
    %load/vec4 v0x5654abfece10_0;
    %load/vec4 v0x5654abfecb60_0;
    %pad/u 12;
    %ix/vec4 3;
    %ix/load 4, 0, 0; Constant delay
    %assign/vec4/a/d v0x5654abfbff10, 0, 4;
    %load/vec4 v0x5654abfbfff0_0;
    %pad/u 12;
    %ix/vec4 4;
    %load/vec4a v0x5654abfbff10, 4;
    %assign/vec4 v0x5654abfecef0_0, 0;
    %load/vec4 v0x5654abfecb60_0;
    %pad/u 12;
    %ix/vec4 4;
    %load/vec4a v0x5654abfbff10, 4;
    %assign/vec4 v0x5654abfecfd0_0, 0;
T_0.9 ;
    %jmp T_0.6;
T_0.6 ;
    %pop/vec4 1;
T_0.1 ;
    %jmp T_0;
    .thread T_0;
    .scope S_0x5654abfd2690;
T_1 ;
    %vpi_call 2 15 "$dumpfile", "dual_port_ram.vcd" {0 0 0};
    %vpi_call 2 16 "$dumpvars", 32'sb00000000000000000000000000000000, S_0x5654abfd2690 {0 0 0};
    %pushi/vec4 1, 0, 1;
    %store/vec4 v0x5654abfeda50_0, 0, 1;
    %pushi/vec4 0, 0, 1;
    %store/vec4 v0x5654abfed640_0, 0, 1;
    %delay 50000, 0;
    %pushi/vec4 0, 0, 1;
    %store/vec4 v0x5654abfeda50_0, 0, 1;
    %pushi/vec4 1, 0, 1;
    %store/vec4 v0x5654abfedb20_0, 0, 1;
    %pushi/vec4 1, 0, 1;
    %store/vec4 v0x5654abfedbf0_0, 0, 1;
    %pushi/vec4 13, 0, 8;
    %store/vec4 v0x5654abfed740_0, 0, 8;
    %pushi/vec4 32, 0, 8;
    %store/vec4 v0x5654abfed810_0, 0, 8;
    %pushi/vec4 29, 0, 10;
    %store/vec4 v0x5654abfed490_0, 0, 10;
    %pushi/vec4 78, 0, 10;
    %store/vec4 v0x5654abfed570_0, 0, 10;
    %delay 50000, 0;
    %pushi/vec4 1, 0, 1;
    %store/vec4 v0x5654abfedb20_0, 0, 1;
    %pushi/vec4 0, 0, 1;
    %store/vec4 v0x5654abfedbf0_0, 0, 1;
    %pushi/vec4 55, 0, 8;
    %store/vec4 v0x5654abfed740_0, 0, 8;
    %pushi/vec4 100, 0, 10;
    %store/vec4 v0x5654abfed490_0, 0, 10;
    %pushi/vec4 29, 0, 10;
    %store/vec4 v0x5654abfed570_0, 0, 10;
    %delay 50000, 0;
    %pushi/vec4 0, 0, 1;
    %store/vec4 v0x5654abfedb20_0, 0, 1;
    %pushi/vec4 1, 0, 1;
    %store/vec4 v0x5654abfedbf0_0, 0, 1;
    %pushi/vec4 78, 0, 10;
    %store/vec4 v0x5654abfed490_0, 0, 10;
    %pushi/vec4 500, 0, 10;
    %store/vec4 v0x5654abfed570_0, 0, 10;
    %pushi/vec4 99, 0, 8;
    %store/vec4 v0x5654abfed810_0, 0, 8;
    %delay 50000, 0;
    %pushi/vec4 0, 0, 1;
    %store/vec4 v0x5654abfedb20_0, 0, 1;
    %pushi/vec4 0, 0, 1;
    %store/vec4 v0x5654abfedbf0_0, 0, 1;
    %pushi/vec4 29, 0, 10;
    %store/vec4 v0x5654abfed490_0, 0, 10;
    %pushi/vec4 78, 0, 10;
    %store/vec4 v0x5654abfed570_0, 0, 10;
    %delay 50000, 0;
    %pushi/vec4 1, 0, 1;
    %store/vec4 v0x5654abfedb20_0, 0, 1;
    %pushi/vec4 0, 0, 1;
    %store/vec4 v0x5654abfedbf0_0, 0, 1;
    %pushi/vec4 300, 0, 10;
    %store/vec4 v0x5654abfed490_0, 0, 10;
    %pushi/vec4 77, 0, 8;
    %store/vec4 v0x5654abfed740_0, 0, 8;
    %pushi/vec4 300, 0, 10;
    %store/vec4 v0x5654abfed570_0, 0, 10;
    %delay 50000, 0;
    %vpi_call 2 59 "$finish" {0 0 0};
    %end;
    .thread T_1;
    .scope S_0x5654abfd2690;
T_2 ;
    %delay 10000, 0;
    %load/vec4 v0x5654abfed640_0;
    %inv;
    %store/vec4 v0x5654abfed640_0, 0, 1;
    %jmp T_2;
    .thread T_2;
# The file index is used to find the file name in the following table.
:file_names 4;
    "N/A";
    "<interactive>";
    "tb_dual_port_ram.v";
    "dual_port_ram.v";
